Godot Engine v4.5.1.stable.official.f62fdbde1 - https://godotengine.org

ERROR: Failed to read the root certificate store.
   at: get_system_ca_certificates (platform/windows/os_windows.cpp:2548)
DataRegistry: Loaded 31 cards, 9 enemies, 12 characters, 18 upgrades, 20 equipment, 0 milestones, 5 encounters, 6 abilities
=== hex_playability test ===
WARNING: res://Path-of-Embers/scenes/screens/CombatScreen.tscn:3 - ext_resource, invalid UID: uid://571q3qracesn - using text path instead: res://Path-of-Embers/scenes/screens/CombatScreen.gd
   at: load (scene/resources/resource_format_text.cpp:444)
   GDScript backtrace (most recent call first):
       [0] _make_combat_screen (res://tests/hex_playability.gd:52)
       [1] _test_natural_draw_fresh_hand (res://tests/hex_playability.gd:149)
       [2] _ready (res://tests/hex_playability.gd:40)
WARNING: Nodes with non-equal opposite anchors will have their size overridden after _ready(). 
If you want to set size, change the anchors or consider using set_deferred().
   at: _set_size (scene/gui/control.cpp:1476)
   GDScript backtrace (most recent call first):
       [0] _make_combat_screen (res://tests/hex_playability.gd:55)
       [1] _test_natural_draw_fresh_hand (res://tests/hex_playability.gd:149)
       [2] _ready (res://tests/hex_playability.gd:40)
PASS: Hex has a CardUI in a fresh hand
PASS: Hex CardUI has a nonzero rect (fresh hand)
PASS: Hex CardUI._can_play() is true (fresh hand)
PASS: Hex CardUI._is_targeting_card() is true (fresh hand)
PASS: a press at Hex's own center hits its click rect (fresh hand)
PASS: _start_drag() sets is_dragging (fresh hand)
PASS: _start_drag() draws the targeting line (targeting_line_visible) (fresh hand)
WARNING: res://Path-of-Embers/scenes/screens/CombatScreen.tscn:3 - ext_resource, invalid UID: uid://571q3qracesn - using text path instead: res://Path-of-Embers/scenes/screens/CombatScreen.gd
   at: load (scene/resources/resource_format_text.cpp:444)
   GDScript backtrace (most recent call first):
       [0] _make_combat_screen (res://tests/hex_playability.gd:52)
       [1] _test_full_hand (res://tests/hex_playability.gd:172)
       [2] _ready (res://tests/hex_playability.gd:41)
       [3] _test_natural_draw_fresh_hand (res://tests/hex_playability.gd:165)
WARNING: Nodes with non-equal opposite anchors will have their size overridden after _ready(). 
If you want to set size, change the anchors or consider using set_deferred().
   at: _set_size (scene/gui/control.cpp:1476)
   GDScript backtrace (most recent call first):
       [0] _make_combat_screen (res://tests/hex_playability.gd:55)
       [1] _test_full_hand (res://tests/hex_playability.gd:172)
       [2] _ready (res://tests/hex_playability.gd:41)
       [3] _test_natural_draw_fresh_hand (res://tests/hex_playability.gd:165)
PASS: hand is at HAND_MAX
PASS: Hex has a CardUI in a full 8-card hand
PASS: Hex CardUI has a nonzero rect (full hand)
PASS: Hex CardUI._can_play() is true (full hand)
PASS: Hex CardUI._is_targeting_card() is true (full hand)
PASS: a press at Hex's own center hits its click rect (full hand)
PASS: _start_drag() sets is_dragging (full hand)
PASS: _start_drag() draws the targeting line (targeting_line_visible) (full hand)
WARNING: res://Path-of-Embers/scenes/screens/CombatScreen.tscn:3 - ext_resource, invalid UID: uid://571q3qracesn - using text path instead: res://Path-of-Embers/scenes/screens/CombatScreen.gd
   at: load (scene/resources/resource_format_text.cpp:444)
   GDScript backtrace (most recent call first):
       [0] _make_combat_screen (res://tests/hex_playability.gd:52)
       [1] _test_hex_actually_plays (res://tests/hex_playability.gd:200)
       [2] _ready (res://tests/hex_playability.gd:42)
       [3] _test_full_hand (res://tests/hex_playability.gd:194)
WARNING: Nodes with non-equal opposite anchors will have their size overridden after _ready(). 
If you want to set size, change the anchors or consider using set_deferred().
   at: _set_size (scene/gui/control.cpp:1476)
   GDScript backtrace (most recent call first):
       [0] _make_combat_screen (res://tests/hex_playability.gd:55)
       [1] _test_hex_actually_plays (res://tests/hex_playability.gd:200)
       [2] _ready (res://tests/hex_playability.gd:42)
       [3] _test_full_hand (res://tests/hex_playability.gd:194)
PASS: Hex CardUI exists for the play test
PASS: CombatController.play_card(hex, enemy) succeeds
PASS: Hex left the hand after being played
PASS: add_curse_to_hand added a Curse to hand
--- hex_playability summary: 19 passed, 0 failed ---
WARNING: ObjectDB instances leaked at exit (run with --verbose for details).
   at: cleanup (core/object/object.cpp:2514)
ERROR: 2 resources still in use at exit (run with --verbose for details).
   at: clear (core/io/resource.cpp:795)
