Godot Engine v4.5.1.stable.official.f62fdbde1 - https://godotengine.org

ERROR: Failed to read the root certificate store.
   at: get_system_ca_certificates (platform/windows/os_windows.cpp:2548)
DataRegistry: Loaded 31 cards, 9 enemies, 12 characters, 18 upgrades, 20 equipment, 0 milestones, 5 encounters, 6 abilities
=== party_hud_stats test ===
PASS: stats row hidden before combat is bound
PASS: stats row visible once bound to combat
PASS: STR label shows witch's base Strength
PASS: DEF label shows witch's base Dexterity
PASS: SPI label shows witch's base Faith
PASS: HP contribution label shows witch's base HP with no equipment
PASS: DEF label reflects the newly equipped Dexterity bonus
PASS: HP contribution label reflects the equipped HP bonus
PASS: golemancer's own block is unaffected by witch's equipment
PASS: stats row hidden again after unbind_combat
--- party_hud_stats summary: 10 passed, 0 failed ---
WARNING: ObjectDB instances leaked at exit (run with --verbose for details).
   at: cleanup (core/object/object.cpp:2514)
ERROR: 1 resources still in use at exit (run with --verbose for details).
   at: clear (core/io/resource.cpp:795)
